keymaps 0-2,4-6,8-9,12
alt_is_meta
include "linux-with-alt-and-altgr.inc"
strings as usual

keycode   1 = Escape           
keycode   2 = one              exclam          
keycode   3 = two              at               at              nul			nul
keycode   4 = three            numbersign      
	control keycode   4 = Escape          
keycode   5 = four             dollar           dollar          Control_backslash
keycode   6 = five             percent         
	control keycode   6 = Control_bracketright
keycode   7 = six              asciicircum     
	control keycode   7 = Control_asciicircum
keycode   8 = seven            ampersand        braceleft       Control_underscore
keycode   9 = eight            asterisk         bracketleft     Delete
keycode  10 = nine             parenleft        bracketright    
keycode  11 = zero             parenright       braceright      
keycode  12 = minus            underscore       backslash       Control_underscore 	Control_underscore
	control keycode  12 = Escape          
keycode  13 = equal            plus
keycode  14 = Delete           
keycode  15 = Tab              
	shift	keycode  15 = Backtab
	alt	keycode  15 = Meta_Tab
keycode  16 = b      
	control keycode  16 = Control_g       
keycode  17 = l
keycode  18 = d
keycode  19 = c               
keycode  20 = v               
keycode  21 = j               
keycode  22 = y               
keycode  23 = o               
keycode  24 = u               
keycode  25 = comma            less            
keycode  26 = bracketleft      braceleft
	control keycode  26 = Delete          
keycode  27 = bracketright     braceright       asciitilde      Control_bracketright
keycode  28 = Return          
        alt     keycode  28 = Meta_Control_m
keycode  29 = Control         
keycode  30 = n               
keycode  31 = r               
keycode  32 = t               
keycode  33 = s               
keycode  34 = g               
keycode  35 = p               
keycode  36 = h               
keycode  37 = a               
keycode  38 = e               
keycode  39 = i               
keycode  40 = slash            question        
keycode  41 = grave            asciitilde      
	control keycode  41 = nul             
keycode  42 = Shift           
keycode  43 = backslash        bar             
	control keycode  43 = Control_backslash
keycode  44 = x 
keycode  45 = q               
keycode  46 = m               
keycode  47 = w               
keycode  48 = z               
keycode  49 = k               
keycode  50 = f               
keycode  51 = apostrophe       quotedbl        
keycode  52 = semicolon        colon           
keycode  53 = period           greater         
keycode  54 = Shift           
keycode  56 = Alt             
keycode  57 = space            
	control keycode  57 = nul             
keycode  58 = Caps_Lock       
keycode  86 = less             greater          bar             
keycode  97 = Control         
